vgcreate.txt
Created Wed Aug 27 10:18:25 AKDT 2014
Copyright (C) 2014 by Raymond E. Marcil <marcilr@gmail.com>


vgcreate - create a volume group


Tue Nov 15 09:42:20 AKST 2016
=============================
On GCI Network Services, OSS covellite debian wheezy 8.6 amd64 workstation
create a 1,678GB /dev/sda4 LVM partition on new 2TB Seagate ST2000NM0011

# parted --list /dev/sda
Model: ATA ST2000NM0011 (scsi)
Disk /dev/sda: 2000GB
Sector size (logical/physical): 512B/512B
Partition Table: gpt
Disk Flags: 

Number  Start   End     Size    File system  Name     Flags
 1      1049kB  538MB   537MB                ESP      msftdata
 2      538MB   107GB   107GB   ext4         primary  msftdata
 3      107GB   215GB   107GB                primary  msftdata
 4      215GB   322GB   107GB                primary  msftdata
 5      322GB   2000GB  1678GB               primary  lvm       <===
...
#

1. Create 1,700GB /dev/sda5 Linux LVM partition using parted:

i. Create gpt partition table:
# parted /dev/sda
(parted) mklabel gpt

ii. Create new EFI System Partition:
(parted) mkpart ESP fat32 1 MiB 513MiB

iii. Create 3x 100GB partitions:
(parted) mkpart primary ext4 513MiB 100GiB
(parted) mkpart primary ext4 100GiB 200GiB
(parted) mkpart primary ext4 200GiB 300GiB

iv. Create LVM partition:
(parted) mkpart primary ext2 300GiB 100%
(parted) set 5 lvm on

2. Initalize /dev/sdc4 using pvcreate:
# pvcreate /dev/sda5
  Physical volume "/dev/sda5" successfully created
# 

3. Create a new bukovite (https://en.wikipedia.org/wiki/Bukovite)
volume group for /dev/sda5 use:
# vgcreate bukovite /dev/sda5
  /proc/devices: No entry for device-mapper found
  Volume group "bukovite" successfully created
# 

Verify creation:  
# ls /dev/bukovite/wallpaper
/dev/bukovite/wallpaper

4. Create ext4 filesystem:
# mkfs.ext4 /dev/bukovite/wallpaper

5. Update /etc/fstab:
#
# Logical volumes for covelllite's bukovite volume group
#
# Name        Size   Description
# ------------------------------------------------------------
# wallpaper   1GB    Wallpaper for display, created 11/15/2016
#
/dev/bukovite/wallpaper   /usr/local/wallpaper  ext4    \
errors=remount-ro 0   2

# mount /usr/local/wallpaper/
# mount | grep wallpaper
/dev/mapper/bukovite-wallpaper on /usr/local/wallpaper \
type ext4 (rw,relatime,errors=remount-ro,data=ordered)
#

Looks good.




Wed Aug 27 10:18:39 AKDT 2014
=============================
On GCI Network Services, OSS covellite debian wheezy 7.6 amd64 workstation
create a 1,700GB /dev/sdc4 partition on my 2TB Seagate ST32000641 eSATA drive
for use with backups.

1. Create 1,700GB /dev/sdc4 Linux LVM partition using fdisk.

2. Initalize /dev/sdc4 using pvcreate:
covellite:~# pvcreate /dev/sdc4
  Writing physical volume data to disk "/dev/sdc4"
  Physical volume "/dev/sdc4" successfully created
covellite:~#

3. Create a new tennantite volume group for /dev/sdc4 use.
covellite:~# vgcreate tennantite /dev/sdc4
  Volume group "tennantite" successfully created
covellite:~#

The /dev/sdc4 on 2TB Seagate ST32000641 eSATA drive is ready for 
addition of volume groups.

4. The current GCI Network Services, OSS covellite debian wheezy 7.6
amd64 backups, under /usr/local/data/covellite (2TB Western Digital 
internal drive) are 204G.  Hence 300G backup logical volume should 
do the trick:

covellite:~# lvcreate -n backups --size 300GB tennantite
  Logical volume "backups" created
covellite:~#

covellite:~# lvdisplay
  --- Logical volume ---
  LV Path                /dev/tennantite/backups
  LV Name                backups
  VG Name                tennantite
  LV UUID                EXDXMU-1lZ3-OQov-H0cZ-3KQn-hCyI-afklAg
  LV Write Access        read/write
  LV Creation host, time covellite, 2014-08-27 10:35:40 -0800
  LV Status              available
  # open                 0
  LV Size                300.00 GiB
  Current LE             76800
  Segments               1
  Allocation             inherit
  Read ahead sectors     auto
  - currently set to     256
  Block device           254:10
...
covellite:~# 

Looks good.

5. Format new backups lvm, on /dev/sdc4, with ext4:

covellite:~# mkfs.ext4 /dev/tennantite/backups
mke2fs 1.42.5 (29-Jul-2012)
Filesystem label=
OS type: Linux
Block size=4096 (log=2)
Fragment size=4096 (log=2)
Stride=0 blocks, Stripe width=0 blocks
19660800 inodes, 78643200 blocks
3932160 blocks (5.00%) reserved for the super user
First data block=0
Maximum filesystem blocks=4294967296
2400 block groups
32768 blocks per group, 32768 fragments per group
8192 inodes per group
Superblock backups stored on blocks: 
        32768, 98304, 163840, 229376, 294912, 819200, 884736, 1605632, 2654208, 
        4096000, 7962624, 11239424, 20480000, 23887872, 71663616

Allocating group tables: done                            
Writing inode tables: done                            
Creating journal (32768 blocks): done
Writing superblocks and filesystem accounting information: done     
covellite:~#

6. Do test mount new backups lvm:

covellite:~# mount /dev/mapper/tennantite-backups /mnt
root@covellite:~# mount | grep backups
/dev/mapper/tennantite-backups on /mnt type ext4 (rw,relatime,user_xattr,barrier=1,data=ordered)
covellite:~# df -h | grep backups
/dev/mapper/tennantite-backups                          296G  191M  281G   1% /mnt

Looks good!


Links
=====
How To Create LVM Using vgcreate, lvcreate, and lvextend lvm2 Commands
by BALAKRISHNAN MARIYAPPAN on AUGUST 5, 2010
http://www.thegeekstuff.com/2010/08/how-to-create-lvm/

List of copper ores
From Wikipedia, the free encyclopedia
http://en.wikipedia.org/wiki/List_of_copper_ores

